

#python_note
[TOC]

##dict和set

 
###dict

Python内置了字典：dict的支持，dict全称dictionary，在其他语言中也称为map，使用键-值（key-value）存储，具有极快的查找速度。

举个例子，假设要根据同学的名字查找对应的成绩，如果用list实现，需要两个list：

```
names = ['Michael', 'Bob', 'Tracy']
scores = [95, 75, 85]
```
给定一个名字，要查找对应的成绩，就先要在names中找到对应的位置，再从scores取出对应的成绩，list越长，耗时越长。

如果用dict实现，只需要一个“名字”-“成绩”的对照表，直接根据名字查找成绩，无论这个表有多大，查找速度都不会变慢。用Python写一个dict如下：


```
>>> d = {'Michael': 95, 'Bob': 75, 'Tracy': 85}
>>> d['Michael']
95
```

为什么dict查找速度这么快？因为dict的实现原理和查字典是一样的。假设字典包含了1万个汉字，我们要查某一个字，一个办法是把字典从第一页往后翻，直到找到我们想要的字为止，这种方法就是在list中查找元素的方法，list越大，查找越慢。

第二种方法是先在字典的索引表里（比如部首表）查这个字对应的页码，然后直接翻到该页，找到这个字。无论找哪个字，这种查找速度都非常快，不会随着字典大小的增加而变慢。

dict就是第二种实现方式，给定一个名字，比如'Michael'，dict在内部就可以直接计算出Michael对应的存放成绩的“页码”，也就是95这个数字存放的内存地址，直接取出来，所以速度非常快。

你可以猜到，这种key-value存储方式，在放进去的时候，必须根据key算出value的存放位置，这样，取的时候才能根据key直接拿到value。

把数据放入dict的方法，除了初始化时指定外，还可以通过key放入：
 

```
>>> d['Adam'] = 67
 d['Adam']
67
```

由于一个key只能对应一个value，所以，多次对一个key放入value，后面的值会把前面的值冲掉：
 


```
>>> d['Jack'] = 90
>>> d['Jack']
90
>>> d['Jack'] = 88
>>> d['Jack']
88
```
如果key不存在，dict就会报错：
```
>>> d['Thomas']
Traceback (most recent call last):
  File "<stdin>", line 1, in <module>
KeyError: 'Thomas'
```
要避免key不存在的错误，有两种办法，一是通过in判断key是否存在：
```
>>> 'Thomas' in d
False
```
二是通过dict提供的get方法，如果key不存在，可以返回None，或者自己指定的value：
```
>>> d.get('Thomas')
>>> d.get('Thomas', -1)
-1
```
要删除一个key，用pop(key)方法，对应的value也会从dict中删除：
```
>>> d.pop('Bob')
75
>>> d
{'Michael': 95, 'Tracy': 85}

```

dict可以用在需要高速查找的很多地方，在Python代码中几乎无处不在，正确使用dict非常重要，需要牢记的第一条就是dict的key必须是不可变对象。

这是因为dict根据key来计算value的存储位置，如果每次计算相同的key得出的结果不同，那dict内部就完全混乱了。这个通过key计算位置的算法称为哈希算法（Hash）。

要保证hash的正确性，作为key的对象就不能变。在Python中，字符串、整数等都是不可变的，因此，可以放心地作为key。而list是可变的，就不能作为key：
###set
set和dict的唯一区别仅在于没有存储对应的value，但是，set的原理和dict一样，所以，同样不可以放入可变对象，因为无法判断两个可变对象是否相等，也就无法保证set内部“不会有重复元素”。试试把list放入set，看看是否会报错。




 ####不可变对象

而对于不可变对象，比如str，对str进行操作呢：
```
>>> a = 'abc'
>>> a.replace('a', 'A')
'Abc'
>>> a
'abc'
```
虽然字符串有个replace()方法，也确实变出了'Abc'，但变量a最后仍是'abc'，应该怎么理解呢？

我们先把代码改成下面这样：
```
>>> a = 'abc'
>>> b = a.replace('a', 'A')
>>> b
'Abc'
>>> a
'abc'
```
要始终牢记的是，a是变量，而'abc'才是字符串对象！有些时候，我们经常说，对象a的内容是'abc'，但其实是指，a本身是一个变量，它指向的对象的内容才是'abc'：
 






##函数
原来返回值是一个tuple！但是，在语法上，返回一个tuple可以省略括号，而多个变量可以同时接收一个tuple，按位置赋给对应的值，所以，Python的函数返回多值其实就是返回一个tuple，但写起来更方便。

### 函数的参数
#### 位置参数
#### 默认参数
 > 所以，定义默认参数要牢记一点：默认参数必须指向不变对象！

```python
def add_end(L=[]):
    L.append('END')
    return L 
    
```

#### 可变参数


```
def calc(*numbers):
    sum = 0
    for n in numbers:
        sum = sum + n * n
    return sum
	
```



   
```
>>> nums = [1, 2, 3]
>>> calc(*nums)
14

```


*nums表示把nums这个list的所有元素作为可变参数传进去。这种写法相当有用，而且很常见。

- 关键字参数
可变参数允许你传入0个或任意个参数，这些可变参数在函数调用时自动组装为一个tuple。而关键字参数允许你传入0个或任意个含参数名的参数，这些关键字参数在函数内部自动组装为一个dict。请看示例：


```
>>> extra = {'city': 'Beijing', 'job': 'Engineer'}
>>> person('Jack', 24, **extra)
name: Jack age: 24 other: {'city': 'Beijing', 'job': 'Engineer'}
```

**extra表示把extra这个dict的所有key-value用关键字参数传入到函数的**kw参数，kw将获得一个dict，注意kw获得的dict是extra的一份拷贝，对kw的改动不会影响到函数外的extra。
但要是直接传extra就会改变
- 命名关键字参数

可变参数允许你传入0个或任意个参数，这些可变参数在函数调用时自动组装为一个tuple。而关键字参数允许你传入0个或任意个含参数名的参数，这些关键字参数在函数内部自动组装为一个dict。请看示例：


```
def person(name, age, **kw):
    print('name:', name, 'age:', age, 'other:', kw)

```

函数person除了必选参数name和age外，还接受关键字参数kw。在调用该函数时，可以只传入必选参数：


```

>>> person('Michael', 30)
name: Michael age: 30 other: {}

```

也可以传入任意个数的关键字参数：


```

>>> person('Bob', 35, city='Beijing')
name: Bob age: 35 other: {'city': 'Beijing'}
>>> person('Adam', 45, gender='M', job='Engineer')
name: Adam age: 45 other: {'gender': 'M', 'job': 'Engineer'}

```


关键字参数有什么用？它可以扩展函数的功能。比如，在person函数里，我们保证能接收到name和age这两个参数，但是，如果调用者愿意提供更多的参数，我们也能收到。试想你正在做一个用户注册的功能，除了用户名和年龄是必填项外，其他都是可选项，利用关键字参数来定义这个函数就能满足注册的需求。

和可变参数类似，也可以先组装出一个dict，然后，把该dict转换为关键字参数传进去：

```

>>> extra = {'city': 'Beijing', 'job': 'Engineer'}
>>> person('Jack', 24, city=extra['city'], job=extra['job'])
name: Jack age: 24 other: {'city': 'Beijing', 'job': 'Engineer'}

```

当然，上面复杂的调用可以用简化的写法：

```

>>> extra = {'city': 'Beijing', 'job': 'Engineer'}
>>> person('Jack', 24, **extra)
name: Jack age: 24 other: {'city': 'Beijing', 'job': 'Engineer'}

```

**extra表示把extra这个dict的所有key-value用关键字参数传入到函数的**kw参数，kw将获得一个dict，注意kw获得的dict是extra的一份拷贝，对kw的改动不会影响到函数外的extra。

#### 命名关键字参数

对于关键字参数，函数的调用者可以传入任意不受限制的关键字参数。至于到底传入了哪些，就需要在函数内部通过kw检查。

仍以person()函数为例，我们希望检查是否有city和job参数：


```

def person(name, age, **kw):
    if 'city' in kw:
        # 有city参数
        pass
    if 'job' in kw:
        # 有job参数
        pass
    print('name:', name, 'age:', age, 'other:', kw)

```

但是调用者仍可以传入不受限制的关键字参数：


```
>>> person('Jack', 24, city='Beijing', addr='Chaoyang', zipcode=123456)
```

如果要限制关键字参数的名字，就可以用命名关键字参数，例如，只接收city和job作为关键字参数。这种方式定义的函数如下：
`
def person(name, age, *, city, job):
    print(name, age, city, job)
`
和关键字参数**kw不同，命名关键字参数需要一个特殊分隔符*，*后面的参数被视为命名关键字参数。

调用方式如下：

```


>>> person('Jack', 24, city='Beijing', job='Engineer')
Jack 24 Beijing Engineer

```

命名关键字参数必须传入参数名，这和位置参数不同。如果没有传入参数名，调用将报错：

```

>>> person('Jack', 24, 'Beijing', 'Engineer')
Traceback (most recent call last):
  File "<stdin>", line 1, in <module>
TypeError: person() takes 2 positional arguments but 4 were given
```

由于调用时缺少参数名city和job，Python解释器把这4个参数均视为位置参数，但person()函数仅接受2个位置参数。

命名关键字参数可以有缺省值，从而简化调用：

```

def person(name, age, *, city='Beijing', job):
    print(name, age, city, job)
```

由于命名关键字参数city具有默认值，调用时，可不传入city参数：


```
>>> person('Jack', 24, job='Engineer')
Jack 24 Beijing Engineer
```


使用命名关键字参数时，要特别注意，*不是参数，而是特殊分隔符。如果缺少*，Python解释器将无法识别位置参数和命名关键字参数：

```

def person(name, age, city, job):
    # 缺少 *，city和job被视为位置参数
    pass

```

#### 参数组合
在Python中定义函数，可以用必选参数、默认参数、可变参数、关键字参数和命名关键字参数，这5种参数都可以组合使用，除了可变参数无法和命名关键字参数混合。但是请注意，参数定义的顺序必须是：必选参数、默认参数、可变参数/命名关键字参数和关键字参数。
#### 函数参数总结
要注意定义可变参数和关键字参数的语法：

*args是可变参数，args接收的是一个tuple；

**kw是关键字参数，kw接收的是一个dict。

以及调用函数时如何传入可变参数和关键字参数的语法：

可变参数既可以直接传入：func(1, 2, 3)，又可以先组装list或tuple，再通过*args传入：func(*(1, 2, 3))；

关键字参数既可以直接传入：func(a=1, b=2)，又可以先组装dict，再通过**kw传入：func(**{'a': 1, 'b': 2})。

## 切片与迭代
所有数，每5个取一个：

```
#翻转[::-1]
>>> L[::5]
[0, 5, 10, 15, 20, 25, 30, 35, 40, 45, 50, 55, 60, 65, 70, 75, 80, 85, 90, 95]
```


最后一个小问题，如果要对list实现类似Java那样的下标循环怎么办？Python内置的enumerate函数可以把一个list变成索引-元素对，这样就可以在for循环中同时迭代索引和元素本身：

```

>>> for i, value in enumerate(['A', 'B', 'C']):
...     print(i, value)
...
0 A
1 B
2 C
```

上面的for循环里，同时引用了两个变量，在Python里是很常见的

```
#列表生成式两层循环
>>> [m + n for m in 'ABC' for n in 'XYZ']
['AX', 'AY', 'AZ', 'BX', 'BY', 'BZ', 'CX', 'CY', 'CZ']
```


### 生成式
要创建一个generator，有很多种方法。第一种方法很简单，只要把一个列表生成式的[]改成()，就创建了一个generator：

```

>>> L = [x * x for x in range(10)]
>>> L
[0, 1, 4, 9, 16, 25, 36, 49, 64, 81]
>>> g = (x * x for x in range(10))
>>> g
<generator object <genexpr> at 0x1022ef630>
```

创建L和g的区别仅在于最外层的[]和()，L是一个list，而g是一个generator。


```

def fib(max):
    n, a, b = 0, 0, 1
    while n < max:
        yield b
        a, b = b, a + b
        n = n + 1
    return 'done'
	
```



```

>>> f = fib(6)
>>> f
<generator object fib at 0x104feaaa0>
```

这里，最难理解的就是generator和函数的执行流程不一样。函数是顺序执行，遇到return语句或者最后一行函数语句就返回。而变成generator的函数，在每次调用next()的时候执行，遇到yield语句返回，再次执行时从上次返回的yield语句处继续执行。

### 迭代器

凡是可作用于for循环的对象都是Iterable类型；

凡是可作用于next()函数的对象都是Iterator类型，它们表示一个惰性计算的序列；

集合数据类型如list、dict、str等是Iterable但不是Iterator，不过可以通过iter()函数获得一个Iterator对象。


生成器都是Iterator对象，但list、dict、str虽然是Iterable，却不是Iterator。

把list、dict、str等Iterable变成Iterator可以使用iter()函数：
这是因为Python的Iterator对象表示的是一个数据流，Iterator对象可以被next()函数调用并不断返回下一个数据，直到没有数据时抛出StopIteration错误。可以把这个数据流看做是一个有序序列，但我们却不能提前知道序列的长度，只能不断通过next()函数实现按需计算下一个数据，所以Iterator的计算是惰性的，只有在需要返回下一个数据时它才会计算。

Iterator甚至可以表示一个无限大的数据流，例如全体自然数。而使用list是永远不可能存储全体自然数的

##